Loading rhel8/default-amp
  Loading requirement: rhel8/slurm singularity/current rhel8/global cuda/11.4
    libpciaccess/0.16/gcc-9.4.0-6fonbj6 libiconv/1.16/gcc-9.4.0-ahebbov
    libxml2/2.9.12/gcc-9.4.0-gnknt5e ncurses/6.2/gcc-9.4.0-aiirok7
    hwloc/2.5.0/gcc-9.4.0-7sqomga libevent/2.1.12/gcc-9.4.0-hgny7cm
    numactl/2.0.14/gcc-9.4.0-52dwc6n cuda/11.4.0/gcc-9.4.0-3hnxhjt
    gdrcopy/2.2/gcc-9.4.0-e4igtfp knem/1.1.4/gcc-9.4.0-bpbxgva
    libnl/3.3.0/gcc-9.4.0-whwhrwb rdma-core/34.0/gcc-9.4.0-5eo5n2u
    ucx/1.11.1/gcc-9.4.0-lktqyl4 openmpi/4.1.1/gcc-9.4.0-epagguv
Changed directory to /rds/user/ana42/hpc-work/sae_entities.

JobID: 12309098
======
Time: Sat Jul 19 21:16:30 BST 2025
Running on master node: gpu-q-37
Current directory: /rds/user/ana42/hpc-work/sae_entities

Nodes allocated:
================
gpu-q-37

numtasks=1, numnodes=1, mpi_tasks_per_node=1 (OMP_NUM_THREADS=1)

Executing command:
==================
  > logs/out.12309098


Executing second command:
==================
python -u mech_interp/steering_playground_batch.py  > logs/out.12309098_2

Traceback (most recent call last):
  File "/rds/user/ana42/hpc-work/sae_entities/.venv/lib64/python3.11/site-packages/huggingface_hub/utils/_http.py", line 409, in hf_raise_for_status
    response.raise_for_status()
  File "/rds/user/ana42/hpc-work/sae_entities/.venv/lib64/python3.11/site-packages/requests/models.py", line 1024, in raise_for_status
    raise HTTPError(http_error_msg, response=self)
requests.exceptions.HTTPError: 401 Client Error: Unauthorized for url: https://huggingface.co/google/gemma-2-2b-it/resolve/main/config.json

The above exception was the direct cause of the following exception:

Traceback (most recent call last):
  File "/rds/user/ana42/hpc-work/sae_entities/.venv/lib64/python3.11/site-packages/transformers/utils/hub.py", line 470, in cached_files
    hf_hub_download(
  File "/rds/user/ana42/hpc-work/sae_entities/.venv/lib64/python3.11/site-packages/huggingface_hub/utils/_validators.py", line 114, in _inner_fn
    return fn(*args, **kwargs)
           ^^^^^^^^^^^^^^^^^^^
  File "/rds/user/ana42/hpc-work/sae_entities/.venv/lib64/python3.11/site-packages/huggingface_hub/file_download.py", line 1008, in hf_hub_download
    return _hf_hub_download_to_cache_dir(
           ^^^^^^^^^^^^^^^^^^^^^^^^^^^^^^
  File "/rds/user/ana42/hpc-work/sae_entities/.venv/lib64/python3.11/site-packages/huggingface_hub/file_download.py", line 1115, in _hf_hub_download_to_cache_dir
    _raise_on_head_call_error(head_call_error, force_download, local_files_only)
  File "/rds/user/ana42/hpc-work/sae_entities/.venv/lib64/python3.11/site-packages/huggingface_hub/file_download.py", line 1645, in _raise_on_head_call_error
    raise head_call_error
  File "/rds/user/ana42/hpc-work/sae_entities/.venv/lib64/python3.11/site-packages/huggingface_hub/file_download.py", line 1533, in _get_metadata_or_catch_error
    metadata = get_hf_file_metadata(
               ^^^^^^^^^^^^^^^^^^^^^
  File "/rds/user/ana42/hpc-work/sae_entities/.venv/lib64/python3.11/site-packages/huggingface_hub/utils/_validators.py", line 114, in _inner_fn
    return fn(*args, **kwargs)
           ^^^^^^^^^^^^^^^^^^^
  File "/rds/user/ana42/hpc-work/sae_entities/.venv/lib64/python3.11/site-packages/huggingface_hub/file_download.py", line 1450, in get_hf_file_metadata
    r = _request_wrapper(
        ^^^^^^^^^^^^^^^^^
  File "/rds/user/ana42/hpc-work/sae_entities/.venv/lib64/python3.11/site-packages/huggingface_hub/file_download.py", line 286, in _request_wrapper
    response = _request_wrapper(
               ^^^^^^^^^^^^^^^^^
  File "/rds/user/ana42/hpc-work/sae_entities/.venv/lib64/python3.11/site-packages/huggingface_hub/file_download.py", line 310, in _request_wrapper
    hf_raise_for_status(response)
  File "/rds/user/ana42/hpc-work/sae_entities/.venv/lib64/python3.11/site-packages/huggingface_hub/utils/_http.py", line 482, in hf_raise_for_status
    raise _format(HfHubHTTPError, str(e), response) from e
huggingface_hub.errors.HfHubHTTPError: 401 Client Error: Unauthorized for url: https://huggingface.co/google/gemma-2-2b-it/resolve/main/config.json (Request ID: Root=1-687bfe1d-09fd8a9915a086d20b1523bf;dfa21575-3f9e-4734-8134-7082a50742d5)

Invalid credentials in Authorization header

During handling of the above exception, another exception occurred:

Traceback (most recent call last):
  File "/rds/user/ana42/hpc-work/sae_entities/mech_interp/steering_playground_batch.py", line 332, in <module>
    batch_results = run_steering_experiments(
                    ^^^^^^^^^^^^^^^^^^^^^^^^^
  File "/rds/user/ana42/hpc-work/sae_entities/mech_interp/steering_playground_batch.py", line 131, in run_steering_experiments
    main_model, tokenizer = load_tl_model(model_alias, device=main_device)
                            ^^^^^^^^^^^^^^^^^^^^^^^^^^^^^^^^^^^^^^^^^^^^^^
  File "/rds/user/ana42/hpc-work/sae_entities/mech_interp/steering_playground_batch.py", line 63, in load_tl_model
    model = HookedTransformer.from_pretrained_no_processing(
            ^^^^^^^^^^^^^^^^^^^^^^^^^^^^^^^^^^^^^^^^^^^^^^^^
  File "/rds/user/ana42/hpc-work/sae_entities/.venv/lib64/python3.11/site-packages/transformer_lens/HookedTransformer.py", line 1345, in from_pretrained_no_processing
    return cls.from_pretrained(
           ^^^^^^^^^^^^^^^^^^^^
  File "/rds/user/ana42/hpc-work/sae_entities/.venv/lib64/python3.11/site-packages/transformer_lens/HookedTransformer.py", line 1298, in from_pretrained
    state_dict = loading.get_pretrained_state_dict(
                 ^^^^^^^^^^^^^^^^^^^^^^^^^^^^^^^^^^
  File "/rds/user/ana42/hpc-work/sae_entities/.venv/lib64/python3.11/site-packages/transformer_lens/loading_from_pretrained.py", line 1672, in get_pretrained_state_dict
    hf_model = AutoModelForCausalLM.from_pretrained(
               ^^^^^^^^^^^^^^^^^^^^^^^^^^^^^^^^^^^^^
  File "/rds/user/ana42/hpc-work/sae_entities/.venv/lib64/python3.11/site-packages/transformers/models/auto/auto_factory.py", line 531, in from_pretrained
    config, kwargs = AutoConfig.from_pretrained(
                     ^^^^^^^^^^^^^^^^^^^^^^^^^^^
  File "/rds/user/ana42/hpc-work/sae_entities/.venv/lib64/python3.11/site-packages/transformers/models/auto/configuration_auto.py", line 1153, in from_pretrained
    config_dict, unused_kwargs = PretrainedConfig.get_config_dict(pretrained_model_name_or_path, **kwargs)
                                 ^^^^^^^^^^^^^^^^^^^^^^^^^^^^^^^^^^^^^^^^^^^^^^^^^^^^^^^^^^^^^^^^^^^^^^^^^
  File "/rds/user/ana42/hpc-work/sae_entities/.venv/lib64/python3.11/site-packages/transformers/configuration_utils.py", line 595, in get_config_dict
    config_dict, kwargs = cls._get_config_dict(pretrained_model_name_or_path, **kwargs)
                          ^^^^^^^^^^^^^^^^^^^^^^^^^^^^^^^^^^^^^^^^^^^^^^^^^^^^^^^^^^^^^
  File "/rds/user/ana42/hpc-work/sae_entities/.venv/lib64/python3.11/site-packages/transformers/configuration_utils.py", line 654, in _get_config_dict
    resolved_config_file = cached_file(
                           ^^^^^^^^^^^^
  File "/rds/user/ana42/hpc-work/sae_entities/.venv/lib64/python3.11/site-packages/transformers/utils/hub.py", line 312, in cached_file
    file = cached_files(path_or_repo_id=path_or_repo_id, filenames=[filename], **kwargs)
           ^^^^^^^^^^^^^^^^^^^^^^^^^^^^^^^^^^^^^^^^^^^^^^^^^^^^^^^^^^^^^^^^^^^^^^^^^^^^^
  File "/rds/user/ana42/hpc-work/sae_entities/.venv/lib64/python3.11/site-packages/transformers/utils/hub.py", line 553, in cached_files
    raise OSError(f"There was a specific connection error when trying to load {path_or_repo_id}:\n{e}")
OSError: There was a specific connection error when trying to load google/gemma-2-2b-it:
401 Client Error: Unauthorized for url: https://huggingface.co/google/gemma-2-2b-it/resolve/main/config.json (Request ID: Root=1-687bfe1d-09fd8a9915a086d20b1523bf;dfa21575-3f9e-4734-8134-7082a50742d5)

Invalid credentials in Authorization header
