Loading rhel8/default-amp
  Loading requirement: rhel8/slurm singularity/current rhel8/global cuda/11.4
    libpciaccess/0.16/gcc-9.4.0-6fonbj6 libiconv/1.16/gcc-9.4.0-ahebbov
    libxml2/2.9.12/gcc-9.4.0-gnknt5e ncurses/6.2/gcc-9.4.0-aiirok7
    hwloc/2.5.0/gcc-9.4.0-7sqomga libevent/2.1.12/gcc-9.4.0-hgny7cm
    numactl/2.0.14/gcc-9.4.0-52dwc6n cuda/11.4.0/gcc-9.4.0-3hnxhjt
    gdrcopy/2.2/gcc-9.4.0-e4igtfp knem/1.1.4/gcc-9.4.0-bpbxgva
    libnl/3.3.0/gcc-9.4.0-whwhrwb rdma-core/34.0/gcc-9.4.0-5eo5n2u
    ucx/1.11.1/gcc-9.4.0-lktqyl4 openmpi/4.1.1/gcc-9.4.0-epagguv
Changed directory to /rds/user/ana42/hpc-work/sae_entities.

JobID: 11930291
======
Time: Tue Jul  8 17:09:27 BST 2025
Running on master node: gpu-q-47
Current directory: /rds/user/ana42/hpc-work/sae_entities

Nodes allocated:
================
gpu-q-47

numtasks=1, numnodes=1, mpi_tasks_per_node=1 (OMP_NUM_THREADS=1)

Executing command:
==================
python -u mech_interp/steering_playground_batch.py  > logs/out.11930291

Fetching 3 files:   0%|          | 0/3 [00:00<?, ?it/s]Error: Failed to close writer for Some("/home/ana42/.cache/huggingface/xet/https___cas_serv-tGqkUaZf_CBPHQ6h/chunk-cache/XZ/XZBHnotthjecxF9hMKwBcfXIeP7gMBrOkAjOO38IDWFkZWZhdWx0/AAAAADIEAAChzP8DAAAAAIBsCkw="): No space left on device (os error 28)
Fetching 3 files:   0%|          | 0/3 [04:40<?, ?it/s]Error: Failed to close writer for 
Some("/home/ana42/.cache/huggingface/xet/https___cas_serv-tGqkUaZf_CBPHQ6h/chunk-cache/P9/P9_OpeJo87JIrrjRRfzMtsYelYdHHqCst1JOkfGgHU9kZWZhdWx0/AAAAAFwEAADTgP8DAAAAAOJ4Md8="): No space left on device (os error 28)
Error: Failed to close writer for Some("/home/ana42/.cache/huggingface/xet/https___cas_serv-tGqkUaZf_CBPHQ6h/chunk-cache/-A/-AVGR4JQBEfvEObpHJ8W4RDQeiiwVevUCEApKgBV-_dkZWZhdWx0/AAAAAEIEAADCRP8DAAAAAGRQXHE="): No space left on device (os error 28)
Traceback (most recent call last):
  File "/rds/user/ana42/hpc-work/sae_entities/mech_interp/steering_playground_batch.py", line 259, in <module>
    batch_results = run_steering_experiments(
                    ^^^^^^^^^^^^^^^^^^^^^^^^^
  File "/rds/user/ana42/hpc-work/sae_entities/mech_interp/steering_playground_batch.py", line 132, in run_steering_experiments
    main_model, tokenizer = load_tl_model(model_alias, device=main_device)
                            ^^^^^^^^^^^^^^^^^^^^^^^^^^^^^^^^^^^^^^^^^^^^^^
  File "/rds/user/ana42/hpc-work/sae_entities/mech_interp/steering_playground_batch.py", line 61, in load_tl_model
    model = HookedTransformer.from_pretrained_no_processing(
            ^^^^^^^^^^^^^^^^^^^^^^^^^^^^^^^^^^^^^^^^^^^^^^^^
  File "/rds/user/ana42/hpc-work/sae_entities/.venv/lib64/python3.11/site-packages/transformer_lens/HookedTransformer.py", line 1345, in from_pretrained_no_processing
    return cls.from_pretrained(
           ^^^^^^^^^^^^^^^^^^^^
  File "/rds/user/ana42/hpc-work/sae_entities/.venv/lib64/python3.11/site-packages/transformer_lens/HookedTransformer.py", line 1298, in from_pretrained
    state_dict = loading.get_pretrained_state_dict(
                 ^^^^^^^^^^^^^^^^^^^^^^^^^^^^^^^^^^
  File "/rds/user/ana42/hpc-work/sae_entities/.venv/lib64/python3.11/site-packages/transformer_lens/loading_from_pretrained.py", line 1672, in get_pretrained_state_dict
    hf_model = AutoModelForCausalLM.from_pretrained(
               ^^^^^^^^^^^^^^^^^^^^^^^^^^^^^^^^^^^^^
  File "/rds/user/ana42/hpc-work/sae_entities/.venv/lib64/python3.11/site-packages/transformers/models/auto/auto_factory.py", line 571, in from_pretrained
    return model_class.from_pretrained(
           ^^^^^^^^^^^^^^^^^^^^^^^^^^^^
  File "/rds/user/ana42/hpc-work/sae_entities/.venv/lib64/python3.11/site-packages/transformers/modeling_utils.py", line 309, in _wrapper
    return func(*args, **kwargs)
           ^^^^^^^^^^^^^^^^^^^^^
  File "/rds/user/ana42/hpc-work/sae_entities/.venv/lib64/python3.11/site-packages/transformers/modeling_utils.py", line 4422, in from_pretrained
    checkpoint_files, sharded_metadata = _get_resolved_checkpoint_files(
                                         ^^^^^^^^^^^^^^^^^^^^^^^^^^^^^^^
  File "/rds/user/ana42/hpc-work/sae_entities/.venv/lib64/python3.11/site-packages/transformers/modeling_utils.py", line 1179, in _get_resolved_checkpoint_files
    checkpoint_files, sharded_metadata = get_checkpoint_shard_files(
                                         ^^^^^^^^^^^^^^^^^^^^^^^^^^^
  File "/rds/user/ana42/hpc-work/sae_entities/.venv/lib64/python3.11/site-packages/transformers/utils/hub.py", line 1110, in get_checkpoint_shard_files
    cached_filenames = cached_files(
                       ^^^^^^^^^^^^^
  File "/rds/user/ana42/hpc-work/sae_entities/.venv/lib64/python3.11/site-packages/transformers/utils/hub.py", line 557, in cached_files
    raise e
  File "/rds/user/ana42/hpc-work/sae_entities/.venv/lib64/python3.11/site-packages/transformers/utils/hub.py", line 485, in cached_files
    snapshot_download(
  File "/rds/user/ana42/hpc-work/sae_entities/.venv/lib64/python3.11/site-packages/huggingface_hub/utils/_validators.py", line 114, in _inner_fn
    return fn(*args, **kwargs)
           ^^^^^^^^^^^^^^^^^^^
  File "/rds/user/ana42/hpc-work/sae_entities/.venv/lib64/python3.11/site-packages/huggingface_hub/_snapshot_download.py", line 327, in snapshot_download
    thread_map(
  File "/rds/user/ana42/hpc-work/sae_entities/.venv/lib64/python3.11/site-packages/tqdm/contrib/concurrent.py", line 69, in thread_map
    return _executor_map(ThreadPoolExecutor, fn, *iterables, **tqdm_kwargs)
           ^^^^^^^^^^^^^^^^^^^^^^^^^^^^^^^^^^^^^^^^^^^^^^^^^^^^^^^^^^^^^^^^
  File "/rds/user/ana42/hpc-work/sae_entities/.venv/lib64/python3.11/site-packages/tqdm/contrib/concurrent.py", line 51, in _executor_map
    return list(tqdm_class(ex.map(fn, *iterables, chunksize=chunksize), **kwargs))
           ^^^^^^^^^^^^^^^^^^^^^^^^^^^^^^^^^^^^^^^^^^^^^^^^^^^^^^^^^^^^^^^^^^^^^^^
  File "/rds/user/ana42/hpc-work/sae_entities/.venv/lib64/python3.11/site-packages/tqdm/std.py", line 1181, in __iter__
    for obj in iterable:
  File "/usr/lib64/python3.11/concurrent/futures/_base.py", line 619, in result_iterator
    yield _result_or_cancel(fs.pop())
          ^^^^^^^^^^^^^^^^^^^^^^^^^^^
  File "/usr/lib64/python3.11/concurrent/futures/_base.py", line 317, in _result_or_cancel
    return fut.result(timeout)
           ^^^^^^^^^^^^^^^^^^^
  File "/usr/lib64/python3.11/concurrent/futures/_base.py", line 456, in result
    return self.__get_result()
           ^^^^^^^^^^^^^^^^^^^
  File "/usr/lib64/python3.11/concurrent/futures/_base.py", line 401, in __get_result
    raise self._exception
  File "/usr/lib64/python3.11/concurrent/futures/thread.py", line 58, in run
    result = self.fn(*self.args, **self.kwargs)
             ^^^^^^^^^^^^^^^^^^^^^^^^^^^^^^^^^^
  File "/rds/user/ana42/hpc-work/sae_entities/.venv/lib64/python3.11/site-packages/huggingface_hub/_snapshot_download.py", line 301, in _inner_hf_hub_download
    return hf_hub_download(
           ^^^^^^^^^^^^^^^^
  File "/rds/user/ana42/hpc-work/sae_entities/.venv/lib64/python3.11/site-packages/huggingface_hub/utils/_validators.py", line 114, in _inner_fn
    return fn(*args, **kwargs)
           ^^^^^^^^^^^^^^^^^^^
  File "/rds/user/ana42/hpc-work/sae_entities/.venv/lib64/python3.11/site-packages/huggingface_hub/file_download.py", line 1008, in hf_hub_download
    return _hf_hub_download_to_cache_dir(
           ^^^^^^^^^^^^^^^^^^^^^^^^^^^^^^
  File "/rds/user/ana42/hpc-work/sae_entities/.venv/lib64/python3.11/site-packages/huggingface_hub/file_download.py", line 1161, in _hf_hub_download_to_cache_dir
    _download_to_tmp_and_move(
  File "/rds/user/ana42/hpc-work/sae_entities/.venv/lib64/python3.11/site-packages/huggingface_hub/file_download.py", line 1710, in _download_to_tmp_and_move
    xet_get(
  File "/rds/user/ana42/hpc-work/sae_entities/.venv/lib64/python3.11/site-packages/huggingface_hub/file_download.py", line 627, in xet_get
    download_files(
RuntimeError: Data processing error: CAS service error : IO Error: No space left on device (os error 28)
